// Vitest Snapshot v1, https://vitest.dev/guide/snapshot.html

exports[`mapStateToProps maps projects 1`] = `
{
  "projects": [
    {
      "id": "123",
      "name": "first",
    },
    {
      "id": "456",
      "name": "second",
    },
  ],
}
`;
