// Jest Snapshot v1, https://goo.gl/fbAQLP

exports[`mapDispatchToProps maps some functions 1`] = `
Object {
  "completeTask": [Function],
  "fetchOSMData": [Function],
  "fetchOSMUser": [Function],
  "loadTask": [Function],
  "nextTask": [Function],
  "refreshTask": [Function],
}
`;

exports[`mapStateToProps maps task from the taskId in the route 1`] = `
Object {
  "challengeId": undefined,
  "task": Object {
    "id": 987,
    "name": "task987",
    "parent": 123,
  },
  "taskId": 987,
}
`;
