// Jest Snapshot v1, https://goo.gl/fbAQLP

exports[`render with an oauth link referring back to current path 1`] = `
ShallowWrapper {
  "length": 1,
  Symbol(enzyme.__root__): [Circular],
  Symbol(enzyme.__unrendered__): <SignInButton
    history={
      Object {
        "location": Object {
          "pathname": "/some/path",
        },
      }
    }
  />,
  Symbol(enzyme.__renderer__): Object {
    "batchedUpdates": [Function],
    "getNode": [Function],
    "render": [Function],
    "simulateEvent": [Function],
    "unmount": [Function],
  },
  Symbol(enzyme.__node__): Object {
    "instance": null,
    "key": undefined,
    "nodeType": "host",
    "props": Object {
      "children": <FormattedMessage
        defaultMessage="Sign in"
        id="SignIn.control.label"
        values={Object {}}
      />,
      "className": "button is-outlined signin-button",
      "href": "/auth/authenticate?redirect=/mr3/some/path",
      "onClick": [Function],
    },
    "ref": null,
    "rendered": Object {
      "instance": null,
      "key": undefined,
      "nodeType": "class",
      "props": Object {
        "defaultMessage": "Sign in",
        "id": "SignIn.control.label",
        "values": Object {},
      },
      "ref": null,
      "rendered": null,
      "type": [Function],
    },
    "type": "a",
  },
  Symbol(enzyme.__nodes__): Array [
    Object {
      "instance": null,
      "key": undefined,
      "nodeType": "host",
      "props": Object {
        "children": <FormattedMessage
          defaultMessage="Sign in"
          id="SignIn.control.label"
          values={Object {}}
        />,
        "className": "button is-outlined signin-button",
        "href": "/auth/authenticate?redirect=/mr3/some/path",
        "onClick": [Function],
      },
      "ref": null,
      "rendered": Object {
        "instance": null,
        "key": undefined,
        "nodeType": "class",
        "props": Object {
          "defaultMessage": "Sign in",
          "id": "SignIn.control.label",
          "values": Object {},
        },
        "ref": null,
        "rendered": null,
        "type": [Function],
      },
      "type": "a",
    },
  ],
  Symbol(enzyme.__options__): Object {
    "adapter": ReactSixteenAdapter {
      "options": Object {
        "enableComponentDidUpdateOnSetState": true,
      },
    },
  },
}
`;

exports[`shows busy if user clicks the signin button 1`] = `
ShallowWrapper {
  "length": 1,
  Symbol(enzyme.__root__): [Circular],
  Symbol(enzyme.__unrendered__): <SignInButton
    history={
      Object {
        "location": Object {
          "pathname": "/some/path",
        },
      }
    }
  />,
  Symbol(enzyme.__renderer__): Object {
    "batchedUpdates": [Function],
    "getNode": [Function],
    "render": [Function],
    "simulateEvent": [Function],
    "unmount": [Function],
  },
  Symbol(enzyme.__node__): Object {
    "instance": null,
    "key": undefined,
    "nodeType": "host",
    "props": Object {
      "children": <FormattedMessage
        defaultMessage="Sign in"
        id="SignIn.control.label"
        values={Object {}}
      />,
      "className": "button is-outlined signin-button is-loading",
      "href": "/auth/authenticate?redirect=/mr3/some/path",
      "onClick": [Function],
    },
    "ref": null,
    "rendered": Object {
      "instance": null,
      "key": undefined,
      "nodeType": "class",
      "props": Object {
        "defaultMessage": "Sign in",
        "id": "SignIn.control.label",
        "values": Object {},
      },
      "ref": null,
      "rendered": null,
      "type": [Function],
    },
    "type": "a",
  },
  Symbol(enzyme.__nodes__): Array [
    Object {
      "instance": null,
      "key": undefined,
      "nodeType": "host",
      "props": Object {
        "children": <FormattedMessage
          defaultMessage="Sign in"
          id="SignIn.control.label"
          values={Object {}}
        />,
        "className": "button is-outlined signin-button is-loading",
        "href": "/auth/authenticate?redirect=/mr3/some/path",
        "onClick": [Function],
      },
      "ref": null,
      "rendered": Object {
        "instance": null,
        "key": undefined,
        "nodeType": "class",
        "props": Object {
          "defaultMessage": "Sign in",
          "id": "SignIn.control.label",
          "values": Object {},
        },
        "ref": null,
        "rendered": null,
        "type": [Function],
      },
      "type": "a",
    },
  ],
  Symbol(enzyme.__options__): Object {
    "adapter": ReactSixteenAdapter {
      "options": Object {
        "enableComponentDidUpdateOnSetState": true,
      },
    },
  },
}
`;

exports[`shows busy if user login status still being confirmed 1`] = `
ShallowWrapper {
  "length": 1,
  Symbol(enzyme.__root__): [Circular],
  Symbol(enzyme.__unrendered__): <SignInButton
    checkingLoginStatus={true}
    history={
      Object {
        "location": Object {
          "pathname": "/some/path",
        },
      }
    }
  />,
  Symbol(enzyme.__renderer__): Object {
    "batchedUpdates": [Function],
    "getNode": [Function],
    "render": [Function],
    "simulateEvent": [Function],
    "unmount": [Function],
  },
  Symbol(enzyme.__node__): Object {
    "instance": null,
    "key": undefined,
    "nodeType": "host",
    "props": Object {
      "children": <FormattedMessage
        defaultMessage="Sign in"
        id="SignIn.control.label"
        values={Object {}}
      />,
      "className": "button is-outlined signin-button is-loading",
      "href": "/auth/authenticate?redirect=/mr3/some/path",
      "onClick": [Function],
    },
    "ref": null,
    "rendered": Object {
      "instance": null,
      "key": undefined,
      "nodeType": "class",
      "props": Object {
        "defaultMessage": "Sign in",
        "id": "SignIn.control.label",
        "values": Object {},
      },
      "ref": null,
      "rendered": null,
      "type": [Function],
    },
    "type": "a",
  },
  Symbol(enzyme.__nodes__): Array [
    Object {
      "instance": null,
      "key": undefined,
      "nodeType": "host",
      "props": Object {
        "children": <FormattedMessage
          defaultMessage="Sign in"
          id="SignIn.control.label"
          values={Object {}}
        />,
        "className": "button is-outlined signin-button is-loading",
        "href": "/auth/authenticate?redirect=/mr3/some/path",
        "onClick": [Function],
      },
      "ref": null,
      "rendered": Object {
        "instance": null,
        "key": undefined,
        "nodeType": "class",
        "props": Object {
          "defaultMessage": "Sign in",
          "id": "SignIn.control.label",
          "values": Object {},
        },
        "ref": null,
        "rendered": null,
        "type": [Function],
      },
      "type": "a",
    },
  ],
  Symbol(enzyme.__options__): Object {
    "adapter": ReactSixteenAdapter {
      "options": Object {
        "enableComponentDidUpdateOnSetState": true,
      },
    },
  },
}
`;
