// Jest Snapshot v1, https://goo.gl/fbAQLP

exports[`it includes the given viewbox 1`] = `
ShallowWrapper {
  "length": 1,
  Symbol(enzyme.__root__): [Circular],
  Symbol(enzyme.__unrendered__): <SvgSymbol
    sym="foo"
    viewBox="0 0 20 20"
  />,
  Symbol(enzyme.__renderer__): Object {
    "batchedUpdates": [Function],
    "getNode": [Function],
    "render": [Function],
    "simulateEvent": [Function],
    "unmount": [Function],
  },
  Symbol(enzyme.__node__): Object {
    "instance": null,
    "key": undefined,
    "nodeType": "host",
    "props": Object {
      "children": <use
        xlinkHref="#foo"
      />,
      "className": undefined,
      "onClick": undefined,
      "style": undefined,
      "viewBox": "0 0 20 20",
    },
    "ref": null,
    "rendered": Object {
      "instance": null,
      "key": undefined,
      "nodeType": "host",
      "props": Object {
        "xlinkHref": "#foo",
      },
      "ref": null,
      "rendered": null,
      "type": "use",
    },
    "type": "svg",
  },
  Symbol(enzyme.__nodes__): Array [
    Object {
      "instance": null,
      "key": undefined,
      "nodeType": "host",
      "props": Object {
        "children": <use
          xlinkHref="#foo"
        />,
        "className": undefined,
        "onClick": undefined,
        "style": undefined,
        "viewBox": "0 0 20 20",
      },
      "ref": null,
      "rendered": Object {
        "instance": null,
        "key": undefined,
        "nodeType": "host",
        "props": Object {
          "xlinkHref": "#foo",
        },
        "ref": null,
        "rendered": null,
        "type": "use",
      },
      "type": "svg",
    },
  ],
  Symbol(enzyme.__options__): Object {
    "adapter": ReactSixteenAdapter {
      "options": Object {
        "enableComponentDidUpdateOnSetState": true,
      },
    },
  },
}
`;

exports[`it renders a reference to the given svg 1`] = `
ShallowWrapper {
  "length": 1,
  Symbol(enzyme.__root__): [Circular],
  Symbol(enzyme.__unrendered__): <SvgSymbol
    sym="foo"
    viewBox="0 0 20 20"
  />,
  Symbol(enzyme.__renderer__): Object {
    "batchedUpdates": [Function],
    "getNode": [Function],
    "render": [Function],
    "simulateEvent": [Function],
    "unmount": [Function],
  },
  Symbol(enzyme.__node__): Object {
    "instance": null,
    "key": undefined,
    "nodeType": "host",
    "props": Object {
      "children": <use
        xlinkHref="#foo"
      />,
      "className": undefined,
      "onClick": undefined,
      "style": undefined,
      "viewBox": "0 0 20 20",
    },
    "ref": null,
    "rendered": Object {
      "instance": null,
      "key": undefined,
      "nodeType": "host",
      "props": Object {
        "xlinkHref": "#foo",
      },
      "ref": null,
      "rendered": null,
      "type": "use",
    },
    "type": "svg",
  },
  Symbol(enzyme.__nodes__): Array [
    Object {
      "instance": null,
      "key": undefined,
      "nodeType": "host",
      "props": Object {
        "children": <use
          xlinkHref="#foo"
        />,
        "className": undefined,
        "onClick": undefined,
        "style": undefined,
        "viewBox": "0 0 20 20",
      },
      "ref": null,
      "rendered": Object {
        "instance": null,
        "key": undefined,
        "nodeType": "host",
        "props": Object {
          "xlinkHref": "#foo",
        },
        "ref": null,
        "rendered": null,
        "type": "use",
      },
      "type": "svg",
    },
  ],
  Symbol(enzyme.__options__): Object {
    "adapter": ReactSixteenAdapter {
      "options": Object {
        "enableComponentDidUpdateOnSetState": true,
      },
    },
  },
}
`;
