// Jest Snapshot v1, https://goo.gl/fbAQLP

exports[`shows cancel control 1`] = `
ShallowWrapper {
  "length": 1,
  Symbol(enzyme.__root__): [Circular],
  Symbol(enzyme.__unrendered__): <TaskCancelEditingControl
    activateKeyboardShortcut={[Function]}
    cancelEditing={[Function]}
    deactivateKeyboardShortcut={[Function]}
    intl={
        Object {
            "formatMessage": [Function],
          }
    }
    keyboardShortcutGroups={
        Object {
            "layers": Object {
              "layerMapillary": Object {
                "key": "m",
                "label": Object {
                  "defaultMessage": "Toggle Mapillary Layer",
                  "id": "KeyMapping.layers.layerMapillary",
                },
              },
              "layerOSMData": Object {
                "key": "o",
                "label": Object {
                  "defaultMessage": "Toggle OSM Data Layer",
                  "id": "KeyMapping.layers.layerOSMData",
                },
              },
              "layerTaskFeatures": Object {
                "key": "s",
                "label": Object {
                  "defaultMessage": "Toggle Features Layer",
                  "id": "KeyMapping.layers.layerTaskFeatures",
                },
              },
            },
            "openEditor": Object {
              "editId": Object {
                "key": "e",
                "label": Object {
                  "defaultMessage": "Edit in Id",
                  "id": "KeyMapping.openEditor.editId",
                },
              },
              "editJosm": Object {
                "key": "r",
                "label": Object {
                  "defaultMessage": "Edit in JOSM",
                  "id": "KeyMapping.openEditor.editJosm",
                },
              },
              "editJosmFeatures": Object {
                "key": "y",
                "label": Object {
                  "defaultMessage": "Edit just features in JOSM",
                  "id": "KeyMapping.openEditor.editJosmFeatures",
                },
              },
              "editJosmLayer": Object {
                "key": "t",
                "label": Object {
                  "defaultMessage": "Edit in new JOSM layer",
                  "id": "KeyMapping.openEditor.editJosmLayer",
                },
              },
              "editLevel0": Object {
                "key": "v",
                "label": Object {
                  "defaultMessage": "Edit in Level0",
                  "id": "KeyMapping.openEditor.editLevel0",
                },
              },
            },
            "taskCompletion": Object {
              "alreadyFixed": Object {
                "key": "x",
                "label": Object {
                  "defaultMessage": "Already fixed",
                  "id": "KeyMapping.taskCompletion.alreadyFixed",
                },
              },
              "falsePositive": Object {
                "key": "q",
                "label": Object {
                  "defaultMessage": "Not an Issue",
                  "id": "KeyMapping.taskCompletion.falsePositive",
                },
              },
              "fixed": Object {
                "key": "f",
                "label": Object {
                  "defaultMessage": "I fixed it!",
                  "id": "KeyMapping.taskCompletion.fixed",
                },
              },
              "skip": Object {
                "key": "w",
                "label": Object {
                  "defaultMessage": "Skip",
                  "id": "KeyMapping.taskCompletion.skip",
                },
              },
              "tooHard": Object {
                "key": "d",
                "label": Object {
                  "defaultMessage": "Too difficult / Couldn't see",
                  "id": "KeyMapping.taskCompletion.tooHard",
                },
              },
            },
            "taskEditing": Object {
              "cancel": Object {
                "key": "Escape",
                "keyLabel": Object {
                  "defaultMessage": "ESC",
                  "id": "KeyMapping.taskEditing.escapeLabel",
                },
                "label": Object {
                  "defaultMessage": "Cancel Editing",
                  "id": "KeyMapping.taskEditing.cancel",
                },
              },
              "fitBounds": Object {
                "key": "0",
                "label": Object {
                  "defaultMessage": "Fit Map to Task Features",
                  "id": "KeyMapping.taskEditing.fitBounds",
                },
              },
            },
            "taskReview": Object {
              "nextTask": Object {
                "key": "l",
                "label": Object {
                  "defaultMessage": "Next Task",
                  "id": "KeyMapping.taskReview.nextTask",
                },
              },
              "prevTask": Object {
                "key": "h",
                "label": Object {
                  "defaultMessage": "Previous Task",
                  "id": "KeyMapping.taskReview.prevTask",
                },
              },
            },
          }
    }
    task={
        Object {
            "id": 123,
            "parent": Object {
              "id": 321,
            },
            "status": 0,
          }
    }
    textInputActive={[Function]}
/>,
  Symbol(enzyme.__renderer__): Object {
    "batchedUpdates": [Function],
    "getNode": [Function],
    "render": [Function],
    "simulateEvent": [Function],
    "unmount": [Function],
  },
  Symbol(enzyme.__node__): Object {
    "instance": null,
    "key": undefined,
    "nodeType": "host",
    "props": Object {
      "children": <button
        className="button is-green is-outlined cancel-control"
        onClick={[Function]}
        title="Go Back"
>
        <SvgSymbol
                sym="back-icon"
                viewBox="0 0 20 20"
        />
        <FormattedMessage
                defaultMessage="Go Back"
                id="Task.controls.cancelEditing.label"
                values={Object {}}
        />
</button>,
      "className": "has-centered-children",
    },
    "ref": null,
    "rendered": Object {
      "instance": null,
      "key": undefined,
      "nodeType": "host",
      "props": Object {
        "children": Array [
          <SvgSymbol
            sym="back-icon"
            viewBox="0 0 20 20"
/>,
          <FormattedMessage
            defaultMessage="Go Back"
            id="Task.controls.cancelEditing.label"
            values={Object {}}
/>,
        ],
        "className": "button is-green is-outlined cancel-control",
        "onClick": [Function],
        "title": "Go Back",
      },
      "ref": null,
      "rendered": Array [
        Object {
          "instance": null,
          "key": undefined,
          "nodeType": "class",
          "props": Object {
            "sym": "back-icon",
            "viewBox": "0 0 20 20",
          },
          "ref": null,
          "rendered": null,
          "type": [Function],
        },
        Object {
          "instance": null,
          "key": undefined,
          "nodeType": "class",
          "props": Object {
            "defaultMessage": "Go Back",
            "id": "Task.controls.cancelEditing.label",
            "values": Object {},
          },
          "ref": null,
          "rendered": null,
          "type": [Function],
        },
      ],
      "type": "button",
    },
    "type": "div",
  },
  Symbol(enzyme.__nodes__): Array [
    Object {
      "instance": null,
      "key": undefined,
      "nodeType": "host",
      "props": Object {
        "children": <button
          className="button is-green is-outlined cancel-control"
          onClick={[Function]}
          title="Go Back"
>
          <SvgSymbol
                    sym="back-icon"
                    viewBox="0 0 20 20"
          />
          <FormattedMessage
                    defaultMessage="Go Back"
                    id="Task.controls.cancelEditing.label"
                    values={Object {}}
          />
</button>,
        "className": "has-centered-children",
      },
      "ref": null,
      "rendered": Object {
        "instance": null,
        "key": undefined,
        "nodeType": "host",
        "props": Object {
          "children": Array [
            <SvgSymbol
              sym="back-icon"
              viewBox="0 0 20 20"
/>,
            <FormattedMessage
              defaultMessage="Go Back"
              id="Task.controls.cancelEditing.label"
              values={Object {}}
/>,
          ],
          "className": "button is-green is-outlined cancel-control",
          "onClick": [Function],
          "title": "Go Back",
        },
        "ref": null,
        "rendered": Array [
          Object {
            "instance": null,
            "key": undefined,
            "nodeType": "class",
            "props": Object {
              "sym": "back-icon",
              "viewBox": "0 0 20 20",
            },
            "ref": null,
            "rendered": null,
            "type": [Function],
          },
          Object {
            "instance": null,
            "key": undefined,
            "nodeType": "class",
            "props": Object {
              "defaultMessage": "Go Back",
              "id": "Task.controls.cancelEditing.label",
              "values": Object {},
            },
            "ref": null,
            "rendered": null,
            "type": [Function],
          },
        ],
        "type": "button",
      },
      "type": "div",
    },
  ],
  Symbol(enzyme.__options__): Object {
    "adapter": ReactSixteenAdapter {
      "options": Object {
        "enableComponentDidUpdateOnSetState": true,
      },
    },
  },
}
`;
