// Jest Snapshot v1, https://goo.gl/fbAQLP

exports[`it renders a comment input with the given value 1`] = `
ShallowWrapper {
  "length": 1,
  Symbol(enzyme.__root__): [Circular],
  Symbol(enzyme.__unrendered__): <TaskCommentInput
    commentChanged={[MockFunction]}
    intl={
      Object {
        "formatMessage": [MockFunction] {
          "calls": Array [
            Array [
              Object {
                "defaultMessage": "Optional comment",
                "id": "Task.controls.completionComment.placeholder",
              },
            ],
          ],
          "results": Array [
            Object {
              "isThrow": false,
              "value": undefined,
            },
          ],
        },
      }
    }
    value="foo"
  />,
  Symbol(enzyme.__renderer__): Object {
    "batchedUpdates": [Function],
    "getNode": [Function],
    "render": [Function],
    "simulateEvent": [Function],
    "unmount": [Function],
  },
  Symbol(enzyme.__node__): Object {
    "instance": null,
    "key": undefined,
    "nodeType": "host",
    "props": Object {
      "children": <input
        name="comment"
        onChange={[Function]}
        type="text"
        value="foo"
      />,
      "className": "task-completion-comment",
    },
    "ref": null,
    "rendered": Object {
      "instance": null,
      "key": undefined,
      "nodeType": "host",
      "props": Object {
        "name": "comment",
        "onChange": [Function],
        "placeholder": undefined,
        "type": "text",
        "value": "foo",
      },
      "ref": null,
      "rendered": null,
      "type": "input",
    },
    "type": "div",
  },
  Symbol(enzyme.__nodes__): Array [
    Object {
      "instance": null,
      "key": undefined,
      "nodeType": "host",
      "props": Object {
        "children": <input
          name="comment"
          onChange={[Function]}
          type="text"
          value="foo"
        />,
        "className": "task-completion-comment",
      },
      "ref": null,
      "rendered": Object {
        "instance": null,
        "key": undefined,
        "nodeType": "host",
        "props": Object {
          "name": "comment",
          "onChange": [Function],
          "placeholder": undefined,
          "type": "text",
          "value": "foo",
        },
        "ref": null,
        "rendered": null,
        "type": "input",
      },
      "type": "div",
    },
  ],
  Symbol(enzyme.__options__): Object {
    "adapter": ReactSixteenAdapter {
      "options": Object {
        "enableComponentDidUpdateOnSetState": true,
      },
    },
  },
}
`;
