// Jest Snapshot v1, https://goo.gl/fbAQLP

exports[`it renders a list of the given errors 1`] = `
ShallowWrapper {
  "length": 1,
  Symbol(enzyme.__root__): [Circular],
  Symbol(enzyme.__unrendered__): <ErrorModal
    clearErrors={[MockFunction]}
    errors={
      Array [
        Object {
          "defaultMessage": "First Error",
          "id": "first-error",
        },
        Object {
          "defaultMessage": "Second Error",
          "id": "second-error",
        },
        Object {
          "defaultMessage": "Third Error",
          "id": "third-error",
        },
      ]
    }
    formatMessage={[MockFunction]}
    removeError={[MockFunction]}
  />,
  Symbol(enzyme.__renderer__): Object {
    "batchedUpdates": [Function],
    "getNode": [Function],
    "render": [Function],
    "simulateEvent": [Function],
    "unmount": [Function],
  },
  Symbol(enzyme.__node__): Object {
    "instance": null,
    "key": undefined,
    "nodeType": "class",
    "props": Object {
      "children": <ul
        className="error-pane__messages"
      >
        <li>
          <article
            className="message is-danger"
          >
            <div
              className="message-header"
            >
              <p>
                Error
              </p>
              <button
                aria-label="delete"
                className="delete"
                onClick={[Function]}
              />
            </div>
            <div
              className="message-body"
            >
              <FormattedMessage
                defaultMessage="First Error"
                id="first-error"
                values={Object {}}
              />
            </div>
          </article>
        </li>
        <li>
          <article
            className="message is-danger"
          >
            <div
              className="message-header"
            >
              <p>
                Error
              </p>
              <button
                aria-label="delete"
                className="delete"
                onClick={[Function]}
              />
            </div>
            <div
              className="message-body"
            >
              <FormattedMessage
                defaultMessage="Second Error"
                id="second-error"
                values={Object {}}
              />
            </div>
          </article>
        </li>
        <li>
          <article
            className="message is-danger"
          >
            <div
              className="message-header"
            >
              <p>
                Error
              </p>
              <button
                aria-label="delete"
                className="delete"
                onClick={[Function]}
              />
            </div>
            <div
              className="message-body"
            >
              <FormattedMessage
                defaultMessage="Third Error"
                id="third-error"
                values={Object {}}
              />
            </div>
          </article>
        </li>
      </ul>,
      "className": "error-pane",
      "isActive": true,
      "onClose": [MockFunction],
    },
    "ref": null,
    "rendered": Object {
      "instance": null,
      "key": undefined,
      "nodeType": "host",
      "props": Object {
        "children": Array [
          <li>
            <article
              className="message is-danger"
            >
              <div
                className="message-header"
              >
                <p>
                  Error
                </p>
                <button
                  aria-label="delete"
                  className="delete"
                  onClick={[Function]}
                />
              </div>
              <div
                className="message-body"
              >
                <FormattedMessage
                  defaultMessage="First Error"
                  id="first-error"
                  values={Object {}}
                />
              </div>
            </article>
          </li>,
          <li>
            <article
              className="message is-danger"
            >
              <div
                className="message-header"
              >
                <p>
                  Error
                </p>
                <button
                  aria-label="delete"
                  className="delete"
                  onClick={[Function]}
                />
              </div>
              <div
                className="message-body"
              >
                <FormattedMessage
                  defaultMessage="Second Error"
                  id="second-error"
                  values={Object {}}
                />
              </div>
            </article>
          </li>,
          <li>
            <article
              className="message is-danger"
            >
              <div
                className="message-header"
              >
                <p>
                  Error
                </p>
                <button
                  aria-label="delete"
                  className="delete"
                  onClick={[Function]}
                />
              </div>
              <div
                className="message-body"
              >
                <FormattedMessage
                  defaultMessage="Third Error"
                  id="third-error"
                  values={Object {}}
                />
              </div>
            </article>
          </li>,
        ],
        "className": "error-pane__messages",
      },
      "ref": null,
      "rendered": Array [
        Object {
          "instance": null,
          "key": "first-error",
          "nodeType": "host",
          "props": Object {
            "children": <article
              className="message is-danger"
            >
              <div
                className="message-header"
              >
                <p>
                  Error
                </p>
                <button
                  aria-label="delete"
                  className="delete"
                  onClick={[Function]}
                />
              </div>
              <div
                className="message-body"
              >
                <FormattedMessage
                  defaultMessage="First Error"
                  id="first-error"
                  values={Object {}}
                />
              </div>
            </article>,
          },
          "ref": null,
          "rendered": Object {
            "instance": null,
            "key": undefined,
            "nodeType": "host",
            "props": Object {
              "children": Array [
                <div
                  className="message-header"
                >
                  <p>
                    Error
                  </p>
                  <button
                    aria-label="delete"
                    className="delete"
                    onClick={[Function]}
                  />
                </div>,
                <div
                  className="message-body"
                >
                  <FormattedMessage
                    defaultMessage="First Error"
                    id="first-error"
                    values={Object {}}
                  />
                </div>,
              ],
              "className": "message is-danger",
            },
            "ref": null,
            "rendered": Array [
              Object {
                "instance": null,
                "key": undefined,
                "nodeType": "host",
                "props": Object {
                  "children": Array [
                    <p>
                      Error
                    </p>,
                    <button
                      aria-label="delete"
                      className="delete"
                      onClick={[Function]}
                    />,
                  ],
                  "className": "message-header",
                },
                "ref": null,
                "rendered": Array [
                  Object {
                    "instance": null,
                    "key": undefined,
                    "nodeType": "host",
                    "props": Object {
                      "children": "Error",
                    },
                    "ref": null,
                    "rendered": "Error",
                    "type": "p",
                  },
                  Object {
                    "instance": null,
                    "key": undefined,
                    "nodeType": "host",
                    "props": Object {
                      "aria-label": "delete",
                      "className": "delete",
                      "onClick": [Function],
                    },
                    "ref": null,
                    "rendered": null,
                    "type": "button",
                  },
                ],
                "type": "div",
              },
              Object {
                "instance": null,
                "key": undefined,
                "nodeType": "host",
                "props": Object {
                  "children": <FormattedMessage
                    defaultMessage="First Error"
                    id="first-error"
                    values={Object {}}
                  />,
                  "className": "message-body",
                },
                "ref": null,
                "rendered": Object {
                  "instance": null,
                  "key": undefined,
                  "nodeType": "class",
                  "props": Object {
                    "defaultMessage": "First Error",
                    "id": "first-error",
                    "values": Object {},
                  },
                  "ref": null,
                  "rendered": null,
                  "type": [Function],
                },
                "type": "div",
              },
            ],
            "type": "article",
          },
          "type": "li",
        },
        Object {
          "instance": null,
          "key": "second-error",
          "nodeType": "host",
          "props": Object {
            "children": <article
              className="message is-danger"
            >
              <div
                className="message-header"
              >
                <p>
                  Error
                </p>
                <button
                  aria-label="delete"
                  className="delete"
                  onClick={[Function]}
                />
              </div>
              <div
                className="message-body"
              >
                <FormattedMessage
                  defaultMessage="Second Error"
                  id="second-error"
                  values={Object {}}
                />
              </div>
            </article>,
          },
          "ref": null,
          "rendered": Object {
            "instance": null,
            "key": undefined,
            "nodeType": "host",
            "props": Object {
              "children": Array [
                <div
                  className="message-header"
                >
                  <p>
                    Error
                  </p>
                  <button
                    aria-label="delete"
                    className="delete"
                    onClick={[Function]}
                  />
                </div>,
                <div
                  className="message-body"
                >
                  <FormattedMessage
                    defaultMessage="Second Error"
                    id="second-error"
                    values={Object {}}
                  />
                </div>,
              ],
              "className": "message is-danger",
            },
            "ref": null,
            "rendered": Array [
              Object {
                "instance": null,
                "key": undefined,
                "nodeType": "host",
                "props": Object {
                  "children": Array [
                    <p>
                      Error
                    </p>,
                    <button
                      aria-label="delete"
                      className="delete"
                      onClick={[Function]}
                    />,
                  ],
                  "className": "message-header",
                },
                "ref": null,
                "rendered": Array [
                  Object {
                    "instance": null,
                    "key": undefined,
                    "nodeType": "host",
                    "props": Object {
                      "children": "Error",
                    },
                    "ref": null,
                    "rendered": "Error",
                    "type": "p",
                  },
                  Object {
                    "instance": null,
                    "key": undefined,
                    "nodeType": "host",
                    "props": Object {
                      "aria-label": "delete",
                      "className": "delete",
                      "onClick": [Function],
                    },
                    "ref": null,
                    "rendered": null,
                    "type": "button",
                  },
                ],
                "type": "div",
              },
              Object {
                "instance": null,
                "key": undefined,
                "nodeType": "host",
                "props": Object {
                  "children": <FormattedMessage
                    defaultMessage="Second Error"
                    id="second-error"
                    values={Object {}}
                  />,
                  "className": "message-body",
                },
                "ref": null,
                "rendered": Object {
                  "instance": null,
                  "key": undefined,
                  "nodeType": "class",
                  "props": Object {
                    "defaultMessage": "Second Error",
                    "id": "second-error",
                    "values": Object {},
                  },
                  "ref": null,
                  "rendered": null,
                  "type": [Function],
                },
                "type": "div",
              },
            ],
            "type": "article",
          },
          "type": "li",
        },
        Object {
          "instance": null,
          "key": "third-error",
          "nodeType": "host",
          "props": Object {
            "children": <article
              className="message is-danger"
            >
              <div
                className="message-header"
              >
                <p>
                  Error
                </p>
                <button
                  aria-label="delete"
                  className="delete"
                  onClick={[Function]}
                />
              </div>
              <div
                className="message-body"
              >
                <FormattedMessage
                  defaultMessage="Third Error"
                  id="third-error"
                  values={Object {}}
                />
              </div>
            </article>,
          },
          "ref": null,
          "rendered": Object {
            "instance": null,
            "key": undefined,
            "nodeType": "host",
            "props": Object {
              "children": Array [
                <div
                  className="message-header"
                >
                  <p>
                    Error
                  </p>
                  <button
                    aria-label="delete"
                    className="delete"
                    onClick={[Function]}
                  />
                </div>,
                <div
                  className="message-body"
                >
                  <FormattedMessage
                    defaultMessage="Third Error"
                    id="third-error"
                    values={Object {}}
                  />
                </div>,
              ],
              "className": "message is-danger",
            },
            "ref": null,
            "rendered": Array [
              Object {
                "instance": null,
                "key": undefined,
                "nodeType": "host",
                "props": Object {
                  "children": Array [
                    <p>
                      Error
                    </p>,
                    <button
                      aria-label="delete"
                      className="delete"
                      onClick={[Function]}
                    />,
                  ],
                  "className": "message-header",
                },
                "ref": null,
                "rendered": Array [
                  Object {
                    "instance": null,
                    "key": undefined,
                    "nodeType": "host",
                    "props": Object {
                      "children": "Error",
                    },
                    "ref": null,
                    "rendered": "Error",
                    "type": "p",
                  },
                  Object {
                    "instance": null,
                    "key": undefined,
                    "nodeType": "host",
                    "props": Object {
                      "aria-label": "delete",
                      "className": "delete",
                      "onClick": [Function],
                    },
                    "ref": null,
                    "rendered": null,
                    "type": "button",
                  },
                ],
                "type": "div",
              },
              Object {
                "instance": null,
                "key": undefined,
                "nodeType": "host",
                "props": Object {
                  "children": <FormattedMessage
                    defaultMessage="Third Error"
                    id="third-error"
                    values={Object {}}
                  />,
                  "className": "message-body",
                },
                "ref": null,
                "rendered": Object {
                  "instance": null,
                  "key": undefined,
                  "nodeType": "class",
                  "props": Object {
                    "defaultMessage": "Third Error",
                    "id": "third-error",
                    "values": Object {},
                  },
                  "ref": null,
                  "rendered": null,
                  "type": [Function],
                },
                "type": "div",
              },
            ],
            "type": "article",
          },
          "type": "li",
        },
      ],
      "type": "ul",
    },
    "type": [Function],
  },
  Symbol(enzyme.__nodes__): Array [
    Object {
      "instance": null,
      "key": undefined,
      "nodeType": "class",
      "props": Object {
        "children": <ul
          className="error-pane__messages"
        >
          <li>
            <article
              className="message is-danger"
            >
              <div
                className="message-header"
              >
                <p>
                  Error
                </p>
                <button
                  aria-label="delete"
                  className="delete"
                  onClick={[Function]}
                />
              </div>
              <div
                className="message-body"
              >
                <FormattedMessage
                  defaultMessage="First Error"
                  id="first-error"
                  values={Object {}}
                />
              </div>
            </article>
          </li>
          <li>
            <article
              className="message is-danger"
            >
              <div
                className="message-header"
              >
                <p>
                  Error
                </p>
                <button
                  aria-label="delete"
                  className="delete"
                  onClick={[Function]}
                />
              </div>
              <div
                className="message-body"
              >
                <FormattedMessage
                  defaultMessage="Second Error"
                  id="second-error"
                  values={Object {}}
                />
              </div>
            </article>
          </li>
          <li>
            <article
              className="message is-danger"
            >
              <div
                className="message-header"
              >
                <p>
                  Error
                </p>
                <button
                  aria-label="delete"
                  className="delete"
                  onClick={[Function]}
                />
              </div>
              <div
                className="message-body"
              >
                <FormattedMessage
                  defaultMessage="Third Error"
                  id="third-error"
                  values={Object {}}
                />
              </div>
            </article>
          </li>
        </ul>,
        "className": "error-pane",
        "isActive": true,
        "onClose": [MockFunction],
      },
      "ref": null,
      "rendered": Object {
        "instance": null,
        "key": undefined,
        "nodeType": "host",
        "props": Object {
          "children": Array [
            <li>
              <article
                className="message is-danger"
              >
                <div
                  className="message-header"
                >
                  <p>
                    Error
                  </p>
                  <button
                    aria-label="delete"
                    className="delete"
                    onClick={[Function]}
                  />
                </div>
                <div
                  className="message-body"
                >
                  <FormattedMessage
                    defaultMessage="First Error"
                    id="first-error"
                    values={Object {}}
                  />
                </div>
              </article>
            </li>,
            <li>
              <article
                className="message is-danger"
              >
                <div
                  className="message-header"
                >
                  <p>
                    Error
                  </p>
                  <button
                    aria-label="delete"
                    className="delete"
                    onClick={[Function]}
                  />
                </div>
                <div
                  className="message-body"
                >
                  <FormattedMessage
                    defaultMessage="Second Error"
                    id="second-error"
                    values={Object {}}
                  />
                </div>
              </article>
            </li>,
            <li>
              <article
                className="message is-danger"
              >
                <div
                  className="message-header"
                >
                  <p>
                    Error
                  </p>
                  <button
                    aria-label="delete"
                    className="delete"
                    onClick={[Function]}
                  />
                </div>
                <div
                  className="message-body"
                >
                  <FormattedMessage
                    defaultMessage="Third Error"
                    id="third-error"
                    values={Object {}}
                  />
                </div>
              </article>
            </li>,
          ],
          "className": "error-pane__messages",
        },
        "ref": null,
        "rendered": Array [
          Object {
            "instance": null,
            "key": "first-error",
            "nodeType": "host",
            "props": Object {
              "children": <article
                className="message is-danger"
              >
                <div
                  className="message-header"
                >
                  <p>
                    Error
                  </p>
                  <button
                    aria-label="delete"
                    className="delete"
                    onClick={[Function]}
                  />
                </div>
                <div
                  className="message-body"
                >
                  <FormattedMessage
                    defaultMessage="First Error"
                    id="first-error"
                    values={Object {}}
                  />
                </div>
              </article>,
            },
            "ref": null,
            "rendered": Object {
              "instance": null,
              "key": undefined,
              "nodeType": "host",
              "props": Object {
                "children": Array [
                  <div
                    className="message-header"
                  >
                    <p>
                      Error
                    </p>
                    <button
                      aria-label="delete"
                      className="delete"
                      onClick={[Function]}
                    />
                  </div>,
                  <div
                    className="message-body"
                  >
                    <FormattedMessage
                      defaultMessage="First Error"
                      id="first-error"
                      values={Object {}}
                    />
                  </div>,
                ],
                "className": "message is-danger",
              },
              "ref": null,
              "rendered": Array [
                Object {
                  "instance": null,
                  "key": undefined,
                  "nodeType": "host",
                  "props": Object {
                    "children": Array [
                      <p>
                        Error
                      </p>,
                      <button
                        aria-label="delete"
                        className="delete"
                        onClick={[Function]}
                      />,
                    ],
                    "className": "message-header",
                  },
                  "ref": null,
                  "rendered": Array [
                    Object {
                      "instance": null,
                      "key": undefined,
                      "nodeType": "host",
                      "props": Object {
                        "children": "Error",
                      },
                      "ref": null,
                      "rendered": "Error",
                      "type": "p",
                    },
                    Object {
                      "instance": null,
                      "key": undefined,
                      "nodeType": "host",
                      "props": Object {
                        "aria-label": "delete",
                        "className": "delete",
                        "onClick": [Function],
                      },
                      "ref": null,
                      "rendered": null,
                      "type": "button",
                    },
                  ],
                  "type": "div",
                },
                Object {
                  "instance": null,
                  "key": undefined,
                  "nodeType": "host",
                  "props": Object {
                    "children": <FormattedMessage
                      defaultMessage="First Error"
                      id="first-error"
                      values={Object {}}
                    />,
                    "className": "message-body",
                  },
                  "ref": null,
                  "rendered": Object {
                    "instance": null,
                    "key": undefined,
                    "nodeType": "class",
                    "props": Object {
                      "defaultMessage": "First Error",
                      "id": "first-error",
                      "values": Object {},
                    },
                    "ref": null,
                    "rendered": null,
                    "type": [Function],
                  },
                  "type": "div",
                },
              ],
              "type": "article",
            },
            "type": "li",
          },
          Object {
            "instance": null,
            "key": "second-error",
            "nodeType": "host",
            "props": Object {
              "children": <article
                className="message is-danger"
              >
                <div
                  className="message-header"
                >
                  <p>
                    Error
                  </p>
                  <button
                    aria-label="delete"
                    className="delete"
                    onClick={[Function]}
                  />
                </div>
                <div
                  className="message-body"
                >
                  <FormattedMessage
                    defaultMessage="Second Error"
                    id="second-error"
                    values={Object {}}
                  />
                </div>
              </article>,
            },
            "ref": null,
            "rendered": Object {
              "instance": null,
              "key": undefined,
              "nodeType": "host",
              "props": Object {
                "children": Array [
                  <div
                    className="message-header"
                  >
                    <p>
                      Error
                    </p>
                    <button
                      aria-label="delete"
                      className="delete"
                      onClick={[Function]}
                    />
                  </div>,
                  <div
                    className="message-body"
                  >
                    <FormattedMessage
                      defaultMessage="Second Error"
                      id="second-error"
                      values={Object {}}
                    />
                  </div>,
                ],
                "className": "message is-danger",
              },
              "ref": null,
              "rendered": Array [
                Object {
                  "instance": null,
                  "key": undefined,
                  "nodeType": "host",
                  "props": Object {
                    "children": Array [
                      <p>
                        Error
                      </p>,
                      <button
                        aria-label="delete"
                        className="delete"
                        onClick={[Function]}
                      />,
                    ],
                    "className": "message-header",
                  },
                  "ref": null,
                  "rendered": Array [
                    Object {
                      "instance": null,
                      "key": undefined,
                      "nodeType": "host",
                      "props": Object {
                        "children": "Error",
                      },
                      "ref": null,
                      "rendered": "Error",
                      "type": "p",
                    },
                    Object {
                      "instance": null,
                      "key": undefined,
                      "nodeType": "host",
                      "props": Object {
                        "aria-label": "delete",
                        "className": "delete",
                        "onClick": [Function],
                      },
                      "ref": null,
                      "rendered": null,
                      "type": "button",
                    },
                  ],
                  "type": "div",
                },
                Object {
                  "instance": null,
                  "key": undefined,
                  "nodeType": "host",
                  "props": Object {
                    "children": <FormattedMessage
                      defaultMessage="Second Error"
                      id="second-error"
                      values={Object {}}
                    />,
                    "className": "message-body",
                  },
                  "ref": null,
                  "rendered": Object {
                    "instance": null,
                    "key": undefined,
                    "nodeType": "class",
                    "props": Object {
                      "defaultMessage": "Second Error",
                      "id": "second-error",
                      "values": Object {},
                    },
                    "ref": null,
                    "rendered": null,
                    "type": [Function],
                  },
                  "type": "div",
                },
              ],
              "type": "article",
            },
            "type": "li",
          },
          Object {
            "instance": null,
            "key": "third-error",
            "nodeType": "host",
            "props": Object {
              "children": <article
                className="message is-danger"
              >
                <div
                  className="message-header"
                >
                  <p>
                    Error
                  </p>
                  <button
                    aria-label="delete"
                    className="delete"
                    onClick={[Function]}
                  />
                </div>
                <div
                  className="message-body"
                >
                  <FormattedMessage
                    defaultMessage="Third Error"
                    id="third-error"
                    values={Object {}}
                  />
                </div>
              </article>,
            },
            "ref": null,
            "rendered": Object {
              "instance": null,
              "key": undefined,
              "nodeType": "host",
              "props": Object {
                "children": Array [
                  <div
                    className="message-header"
                  >
                    <p>
                      Error
                    </p>
                    <button
                      aria-label="delete"
                      className="delete"
                      onClick={[Function]}
                    />
                  </div>,
                  <div
                    className="message-body"
                  >
                    <FormattedMessage
                      defaultMessage="Third Error"
                      id="third-error"
                      values={Object {}}
                    />
                  </div>,
                ],
                "className": "message is-danger",
              },
              "ref": null,
              "rendered": Array [
                Object {
                  "instance": null,
                  "key": undefined,
                  "nodeType": "host",
                  "props": Object {
                    "children": Array [
                      <p>
                        Error
                      </p>,
                      <button
                        aria-label="delete"
                        className="delete"
                        onClick={[Function]}
                      />,
                    ],
                    "className": "message-header",
                  },
                  "ref": null,
                  "rendered": Array [
                    Object {
                      "instance": null,
                      "key": undefined,
                      "nodeType": "host",
                      "props": Object {
                        "children": "Error",
                      },
                      "ref": null,
                      "rendered": "Error",
                      "type": "p",
                    },
                    Object {
                      "instance": null,
                      "key": undefined,
                      "nodeType": "host",
                      "props": Object {
                        "aria-label": "delete",
                        "className": "delete",
                        "onClick": [Function],
                      },
                      "ref": null,
                      "rendered": null,
                      "type": "button",
                    },
                  ],
                  "type": "div",
                },
                Object {
                  "instance": null,
                  "key": undefined,
                  "nodeType": "host",
                  "props": Object {
                    "children": <FormattedMessage
                      defaultMessage="Third Error"
                      id="third-error"
                      values={Object {}}
                    />,
                    "className": "message-body",
                  },
                  "ref": null,
                  "rendered": Object {
                    "instance": null,
                    "key": undefined,
                    "nodeType": "class",
                    "props": Object {
                      "defaultMessage": "Third Error",
                      "id": "third-error",
                      "values": Object {},
                    },
                    "ref": null,
                    "rendered": null,
                    "type": [Function],
                  },
                  "type": "div",
                },
              ],
              "type": "article",
            },
            "type": "li",
          },
        ],
        "type": "ul",
      },
      "type": [Function],
    },
  ],
  Symbol(enzyme.__options__): Object {
    "adapter": ReactSixteenAdapter {
      "options": Object {
        "enableComponentDidUpdateOnSetState": true,
      },
    },
  },
}
`;
