// Vitest Snapshot v1, https://vitest.dev/guide/snapshot.html

exports[`mapStateToProps maps currentErrors to errors 1`] = `
{
  "errors": [
    {
      "defaultMessage": "A foo bar baz error.",
      "id": "Errors.foo.bar.baz",
    },
  ],
}
`;
